Archive member included because of file (symbol)

c:/users/seif alrahman/bin/../lib/gcc/avr/4.3.3/avr6\libgcc.a(_mulsi3.o)
                              ./LCD.o (__mulsi3)
c:/users/seif alrahman/bin/../lib/gcc/avr/4.3.3/avr6\libgcc.a(_udivmodsi4.o)
                              ./LCD.o (__udivmodsi4)
c:/users/seif alrahman/bin/../lib/gcc/avr/4.3.3/avr6\libgcc.a(_exit.o)
                              c:/users/seif alrahman/bin/../lib/gcc/avr/4.3.3/../../../../avr/lib/avr6/crtm2560.o (exit)
c:/users/seif alrahman/bin/../lib/gcc/avr/4.3.3/avr6\libgcc.a(_clear_bss.o)
                              ./ULTRASONIC.o (__do_clear_bss)
c:/users/seif alrahman/bin/../lib/gcc/avr/4.3.3/avr6\libgcc.a(_fixunssfsi.o)
                              ./LCD.o (__fixunssfsi)
c:/users/seif alrahman/bin/../lib/gcc/avr/4.3.3/avr6\libgcc.a(_addsub_sf.o)
                              c:/users/seif alrahman/bin/../lib/gcc/avr/4.3.3/avr6\libgcc.a(_fixunssfsi.o) (__subsf3)
c:/users/seif alrahman/bin/../lib/gcc/avr/4.3.3/avr6\libgcc.a(_mul_sf.o)
                              ./LCD.o (__mulsf3)
c:/users/seif alrahman/bin/../lib/gcc/avr/4.3.3/avr6\libgcc.a(_div_sf.o)
                              ./main.o (__divsf3)
c:/users/seif alrahman/bin/../lib/gcc/avr/4.3.3/avr6\libgcc.a(_gt_sf.o)
                              ./LCD.o (__gtsf2)
c:/users/seif alrahman/bin/../lib/gcc/avr/4.3.3/avr6\libgcc.a(_ge_sf.o)
                              c:/users/seif alrahman/bin/../lib/gcc/avr/4.3.3/avr6\libgcc.a(_fixunssfsi.o) (__gesf2)
c:/users/seif alrahman/bin/../lib/gcc/avr/4.3.3/avr6\libgcc.a(_lt_sf.o)
                              ./LCD.o (__ltsf2)
c:/users/seif alrahman/bin/../lib/gcc/avr/4.3.3/avr6\libgcc.a(_sf_to_si.o)
                              c:/users/seif alrahman/bin/../lib/gcc/avr/4.3.3/avr6\libgcc.a(_fixunssfsi.o) (__fixsfsi)
c:/users/seif alrahman/bin/../lib/gcc/avr/4.3.3/avr6\libgcc.a(_thenan_sf.o)
                              c:/users/seif alrahman/bin/../lib/gcc/avr/4.3.3/avr6\libgcc.a(_addsub_sf.o) (__thenan_sf)
c:/users/seif alrahman/bin/../lib/gcc/avr/4.3.3/avr6\libgcc.a(_usi_to_sf.o)
                              ./ULTRASONIC.o (__floatunsisf)
c:/users/seif alrahman/bin/../lib/gcc/avr/4.3.3/avr6\libgcc.a(_prologue.o)
                              c:/users/seif alrahman/bin/../lib/gcc/avr/4.3.3/avr6\libgcc.a(_addsub_sf.o) (__prologue_saves__)
c:/users/seif alrahman/bin/../lib/gcc/avr/4.3.3/avr6\libgcc.a(_epilogue.o)
                              c:/users/seif alrahman/bin/../lib/gcc/avr/4.3.3/avr6\libgcc.a(_addsub_sf.o) (__epilogue_restores__)
c:/users/seif alrahman/bin/../lib/gcc/avr/4.3.3/avr6\libgcc.a(_clzsi2.o)
                              c:/users/seif alrahman/bin/../lib/gcc/avr/4.3.3/avr6\libgcc.a(_usi_to_sf.o) (__clzsi2)
c:/users/seif alrahman/bin/../lib/gcc/avr/4.3.3/avr6\libgcc.a(_pack_sf.o)
                              c:/users/seif alrahman/bin/../lib/gcc/avr/4.3.3/avr6\libgcc.a(_addsub_sf.o) (__pack_f)
c:/users/seif alrahman/bin/../lib/gcc/avr/4.3.3/avr6\libgcc.a(_unpack_sf.o)
                              c:/users/seif alrahman/bin/../lib/gcc/avr/4.3.3/avr6\libgcc.a(_addsub_sf.o) (__unpack_f)
c:/users/seif alrahman/bin/../lib/gcc/avr/4.3.3/avr6\libgcc.a(_fpcmp_parts_sf.o)
                              c:/users/seif alrahman/bin/../lib/gcc/avr/4.3.3/avr6\libgcc.a(_gt_sf.o) (__fpcmp_parts_f)
c:/users/seif alrahman/bin/../lib/gcc/avr/4.3.3/avr6\libgcc.a(_clz.o)
                              c:/users/seif alrahman/bin/../lib/gcc/avr/4.3.3/avr6\libgcc.a(_clzsi2.o) (__clz_tab)

Memory Configuration

Name             Origin             Length             Attributes
text             0x00000000         0x00100000         xr
data             0x00800200         0x0000fe00         rw !x
eeprom           0x00810000         0x00010000         rw !x
fuse             0x00820000         0x00000400         rw !x
lock             0x00830000         0x00000400         rw !x
signature        0x00840000         0x00000400         rw !x
*default*        0x00000000         0xffffffff

Linker script and memory map

Address of section .data set to 0x800200
LOAD c:/users/seif alrahman/bin/../lib/gcc/avr/4.3.3/../../../../avr/lib/avr6/crtm2560.o
LOAD ./DIO_Prg.o
LOAD ./LCD.o
LOAD ./Timer1.o
LOAD ./UART.o
LOAD ./ULTRASONIC.o
LOAD ./main.o
LOAD c:/users/seif alrahman/bin/../lib/gcc/avr/4.3.3/avr6\libgcc.a
LOAD c:/users/seif alrahman/bin/../lib/gcc/avr/4.3.3/../../../../avr/lib/avr6\libc.a
LOAD c:/users/seif alrahman/bin/../lib/gcc/avr/4.3.3/avr6\libgcc.a

.hash
 *(.hash)

.dynsym
 *(.dynsym)

.dynstr
 *(.dynstr)

.gnu.version
 *(.gnu.version)

.gnu.version_d
 *(.gnu.version_d)

.gnu.version_r
 *(.gnu.version_r)

.rel.init
 *(.rel.init)

.rela.init
 *(.rela.init)

.rel.text
 *(.rel.text)
 *(.rel.text.*)
 *(.rel.gnu.linkonce.t*)

.rela.text
 *(.rela.text)
 *(.rela.text.*)
 *(.rela.gnu.linkonce.t*)

.rel.fini
 *(.rel.fini)

.rela.fini
 *(.rela.fini)

.rel.rodata
 *(.rel.rodata)
 *(.rel.rodata.*)
 *(.rel.gnu.linkonce.r*)

.rela.rodata
 *(.rela.rodata)
 *(.rela.rodata.*)
 *(.rela.gnu.linkonce.r*)

.rel.data
 *(.rel.data)
 *(.rel.data.*)
 *(.rel.gnu.linkonce.d*)

.rela.data
 *(.rela.data)
 *(.rela.data.*)
 *(.rela.gnu.linkonce.d*)

.rel.ctors
 *(.rel.ctors)

.rela.ctors
 *(.rela.ctors)

.rel.dtors
 *(.rel.dtors)

.rela.dtors
 *(.rela.dtors)

.rel.got
 *(.rel.got)

.rela.got
 *(.rela.got)

.rel.bss
 *(.rel.bss)

.rela.bss
 *(.rela.bss)

.rel.plt
 *(.rel.plt)

.rela.plt
 *(.rela.plt)

.text           0x00000000     0x279c
 *(.vectors)
 .vectors       0x00000000       0xe4 c:/users/seif alrahman/bin/../lib/gcc/avr/4.3.3/../../../../avr/lib/avr6/crtm2560.o
                0x00000000                __vectors
                0x00000000                __vector_default
 *(.vectors)
 *(.progmem.gcc*)
 *(.progmem*)
                0x000000e4                . = ALIGN (0x2)
                0x000000e4                __trampolines_start = .
 *(.trampolines)
 .trampolines   0x000000e4        0x0 linker stubs
 *(.trampolines*)
                0x000000e4                __trampolines_end = .
 *(.jumptables)
 *(.jumptables*)
 *(.lowtext)
 *(.lowtext*)
                0x000000e4                __ctors_start = .
 *(.ctors)
                0x000000e4                __ctors_end = .
                0x000000e4                __dtors_start = .
 *(.dtors)
                0x000000e4                __dtors_end = .
 SORT(*)(.ctors)
 SORT(*)(.dtors)
 *(.init0)
 .init0         0x000000e4        0x0 c:/users/seif alrahman/bin/../lib/gcc/avr/4.3.3/../../../../avr/lib/avr6/crtm2560.o
                0x000000e4                __init
 *(.init0)
 *(.init1)
 *(.init1)
 *(.init2)
 .init2         0x000000e4       0x10 c:/users/seif alrahman/bin/../lib/gcc/avr/4.3.3/../../../../avr/lib/avr6/crtm2560.o
 *(.init2)
 *(.init3)
 *(.init3)
 *(.init4)
 .init4         0x000000f4       0x1a c:/users/seif alrahman/bin/../lib/gcc/avr/4.3.3/../../../../avr/lib/avr6/crtm2560.o
                0x000000f4                __do_copy_data
 .init4         0x0000010e       0x10 c:/users/seif alrahman/bin/../lib/gcc/avr/4.3.3/avr6\libgcc.a(_clear_bss.o)
                0x0000010e                __do_clear_bss
 *(.init4)
 *(.init5)
 *(.init5)
 *(.init6)
 *(.init6)
 *(.init7)
 *(.init7)
 *(.init8)
 *(.init8)
 *(.init9)
 .init9         0x0000011e        0x8 c:/users/seif alrahman/bin/../lib/gcc/avr/4.3.3/../../../../avr/lib/avr6/crtm2560.o
 *(.init9)
 *(.text)
 .text          0x00000126        0x4 c:/users/seif alrahman/bin/../lib/gcc/avr/4.3.3/../../../../avr/lib/avr6/crtm2560.o
                0x00000126                __vector_38
                0x00000126                __vector_22
                0x00000126                __vector_28
                0x00000126                __vector_32
                0x00000126                __vector_34
                0x00000126                __vector_24
                0x00000126                __vector_12
                0x00000126                __vector_55
                0x00000126                __vector_46
                0x00000126                __bad_interrupt
                0x00000126                __vector_6
                0x00000126                __vector_31
                0x00000126                __vector_35
                0x00000126                __vector_39
                0x00000126                __vector_3
                0x00000126                __vector_23
                0x00000126                __vector_30
                0x00000126                __vector_45
                0x00000126                __vector_25
                0x00000126                __vector_11
                0x00000126                __vector_54
                0x00000126                __vector_13
                0x00000126                __vector_17
                0x00000126                __vector_19
                0x00000126                __vector_56
                0x00000126                __vector_7
                0x00000126                __vector_49
                0x00000126                __vector_41
                0x00000126                __vector_43
                0x00000126                __vector_27
                0x00000126                __vector_5
                0x00000126                __vector_33
                0x00000126                __vector_47
                0x00000126                __vector_52
                0x00000126                __vector_37
                0x00000126                __vector_4
                0x00000126                __vector_44
                0x00000126                __vector_51
                0x00000126                __vector_9
                0x00000126                __vector_2
                0x00000126                __vector_21
                0x00000126                __vector_15
                0x00000126                __vector_36
                0x00000126                __vector_29
                0x00000126                __vector_40
                0x00000126                __vector_8
                0x00000126                __vector_26
                0x00000126                __vector_48
                0x00000126                __vector_14
                0x00000126                __vector_53
                0x00000126                __vector_10
                0x00000126                __vector_50
                0x00000126                __vector_16
                0x00000126                __vector_18
                0x00000126                __vector_20
                0x00000126                __vector_42
 .text          0x0000012a        0x0 ./DIO_Prg.o
 .text          0x0000012a        0x0 ./LCD.o
 .text          0x0000012a        0x0 ./Timer1.o
 .text          0x0000012a        0x0 ./UART.o
 .text          0x0000012a        0x0 ./ULTRASONIC.o
 .text          0x0000012a        0x0 ./main.o
 .text          0x0000012a        0x0 c:/users/seif alrahman/bin/../lib/gcc/avr/4.3.3/avr6\libgcc.a(_mulsi3.o)
 .text          0x0000012a        0x0 c:/users/seif alrahman/bin/../lib/gcc/avr/4.3.3/avr6\libgcc.a(_udivmodsi4.o)
 .text          0x0000012a        0x0 c:/users/seif alrahman/bin/../lib/gcc/avr/4.3.3/avr6\libgcc.a(_exit.o)
 .text          0x0000012a        0x0 c:/users/seif alrahman/bin/../lib/gcc/avr/4.3.3/avr6\libgcc.a(_clear_bss.o)
 .text          0x0000012a       0x58 c:/users/seif alrahman/bin/../lib/gcc/avr/4.3.3/avr6\libgcc.a(_fixunssfsi.o)
                0x0000012a                __fixunssfsi
 .text          0x00000182      0x354 c:/users/seif alrahman/bin/../lib/gcc/avr/4.3.3/avr6\libgcc.a(_addsub_sf.o)
                0x0000041a                __subsf3
                0x0000047c                __addsf3
 .text          0x000004d6      0x1f4 c:/users/seif alrahman/bin/../lib/gcc/avr/4.3.3/avr6\libgcc.a(_mul_sf.o)
                0x000004d6                __mulsf3
 .text          0x000006ca      0x158 c:/users/seif alrahman/bin/../lib/gcc/avr/4.3.3/avr6\libgcc.a(_div_sf.o)
                0x000006ca                __divsf3
 .text          0x00000822       0x60 c:/users/seif alrahman/bin/../lib/gcc/avr/4.3.3/avr6\libgcc.a(_gt_sf.o)
                0x00000822                __gtsf2
 .text          0x00000882       0x60 c:/users/seif alrahman/bin/../lib/gcc/avr/4.3.3/avr6\libgcc.a(_ge_sf.o)
                0x00000882                __gesf2
 .text          0x000008e2       0x60 c:/users/seif alrahman/bin/../lib/gcc/avr/4.3.3/avr6\libgcc.a(_lt_sf.o)
                0x000008e2                __ltsf2
 .text          0x00000942       0xa8 c:/users/seif alrahman/bin/../lib/gcc/avr/4.3.3/avr6\libgcc.a(_sf_to_si.o)
                0x00000942                __fixsfsi
 .text          0x000009ea        0x0 c:/users/seif alrahman/bin/../lib/gcc/avr/4.3.3/avr6\libgcc.a(_thenan_sf.o)
 .text          0x000009ea       0xf2 c:/users/seif alrahman/bin/../lib/gcc/avr/4.3.3/avr6\libgcc.a(_usi_to_sf.o)
                0x000009ea                __floatunsisf
 .text          0x00000adc        0x0 c:/users/seif alrahman/bin/../lib/gcc/avr/4.3.3/avr6\libgcc.a(_prologue.o)
 .text          0x00000adc        0x0 c:/users/seif alrahman/bin/../lib/gcc/avr/4.3.3/avr6\libgcc.a(_epilogue.o)
 .text          0x00000adc       0x9e c:/users/seif alrahman/bin/../lib/gcc/avr/4.3.3/avr6\libgcc.a(_clzsi2.o)
                0x00000adc                __clzsi2
 .text          0x00000b7a      0x1aa c:/users/seif alrahman/bin/../lib/gcc/avr/4.3.3/avr6\libgcc.a(_pack_sf.o)
                0x00000b7a                __pack_f
 .text          0x00000d24       0xf0 c:/users/seif alrahman/bin/../lib/gcc/avr/4.3.3/avr6\libgcc.a(_unpack_sf.o)
                0x00000d24                __unpack_f
 .text          0x00000e14       0xb2 c:/users/seif alrahman/bin/../lib/gcc/avr/4.3.3/avr6\libgcc.a(_fpcmp_parts_sf.o)
                0x00000e14                __fpcmp_parts_f
 .text          0x00000ec6        0x0 c:/users/seif alrahman/bin/../lib/gcc/avr/4.3.3/avr6\libgcc.a(_clz.o)
                0x00000ec6                . = ALIGN (0x2)
 *(.text.*)
 .text.DIO_VidSetPinDirection
                0x00000ec6      0x200 ./DIO_Prg.o
                0x00000ec6                DIO_VidSetPinDirection
 .text.DIO_VidSetPinValue
                0x000010c6      0x200 ./DIO_Prg.o
                0x000010c6                DIO_VidSetPinValue
 .text.DIO_U8GetPinValue
                0x000012c6      0x102 ./DIO_Prg.o
                0x000012c6                DIO_U8GetPinValue
 .text.DIO_VidSetPortValue
                0x000013c8       0x82 ./DIO_Prg.o
                0x000013c8                DIO_VidSetPortValue
 .text.DIO_VidSetPortDirection
                0x0000144a       0x82 ./DIO_Prg.o
                0x0000144a                DIO_VidSetPortDirection
 .text.DIO_VidToggelPinValue
                0x000014cc       0xfa ./DIO_Prg.o
                0x000014cc                DIO_VidToggelPinValue
 .text.LCD_VidInit
                0x000015c6      0x3ee ./LCD.o
                0x000015c6                LCD_VidInit
 .text.LCD_VidSendCMD
                0x000019b4      0x13c ./LCD.o
                0x000019b4                LCD_VidSendCMD
 .text.LCD_VidSendChar
                0x00001af0      0x13c ./LCD.o
                0x00001af0                LCD_VidSendChar
 .text.LCD_VidSendString
                0x00001c2c       0x50 ./LCD.o
                0x00001c2c                LCD_VidSendString
 .text.LCD_VidLocation
                0x00001c7c       0x4e ./LCD.o
                0x00001c7c                LCD_VidLocation
 .text.LCD_VidSendSpecialChar
                0x00001cca       0x5e ./LCD.o
                0x00001cca                LCD_VidSendSpecialChar
 .text.LCD_VidSendSingleInt
                0x00001d28      0x142 ./LCD.o
                0x00001d28                LCD_VidSendSingleInt
 .text.LCD_VidSendMultiInt
                0x00001e6a      0x128 ./LCD.o
                0x00001e6a                LCD_VidSendMultiInt
 .text.LCD_Clear
                0x00001f92       0x22 ./LCD.o
                0x00001f92                LCD_Clear
 .text.Timer1_Init
                0x00001fb4       0x30 ./Timer1.o
                0x00001fb4                Timer1_Init
 .text.UART_Init
                0x00001fe4       0x2c ./UART.o
                0x00001fe4                UART_Init
 .text.UART_Transmit
                0x00002010       0x2e ./UART.o
                0x00002010                UART_Transmit
 .text.UART_Receive
                0x0000203e       0x1e ./UART.o
                0x0000203e                UART_Receive
 .text.ultrasonic_in_action
                0x0000205c      0x3e6 ./ULTRASONIC.o
                0x0000205c                ultrasonic_in_action
 .text.INT0_init
                0x00002442       0x3a ./main.o
                0x00002442                INT0_init
 .text.main     0x0000247c      0x1cc ./main.o
                0x0000247c                main
 .text.__vector_1
                0x00002648       0x60 ./main.o
                0x00002648                __vector_1
 .text.libgcc   0x000026a8       0x3e c:/users/seif alrahman/bin/../lib/gcc/avr/4.3.3/avr6\libgcc.a(_mulsi3.o)
                0x000026a8                __mulsi3
 .text.libgcc   0x000026e6       0x44 c:/users/seif alrahman/bin/../lib/gcc/avr/4.3.3/avr6\libgcc.a(_udivmodsi4.o)
                0x000026e6                __udivmodsi4
 .text.libgcc   0x0000272a        0x0 c:/users/seif alrahman/bin/../lib/gcc/avr/4.3.3/avr6\libgcc.a(_exit.o)
 .text.libgcc   0x0000272a        0x0 c:/users/seif alrahman/bin/../lib/gcc/avr/4.3.3/avr6\libgcc.a(_clear_bss.o)
 .text.libgcc   0x0000272a       0x38 c:/users/seif alrahman/bin/../lib/gcc/avr/4.3.3/avr6\libgcc.a(_prologue.o)
                0x0000272a                __prologue_saves__
 .text.libgcc   0x00002762       0x36 c:/users/seif alrahman/bin/../lib/gcc/avr/4.3.3/avr6\libgcc.a(_epilogue.o)
                0x00002762                __epilogue_restores__
                0x00002798                . = ALIGN (0x2)
 *(.fini9)
 .fini9         0x00002798        0x0 c:/users/seif alrahman/bin/../lib/gcc/avr/4.3.3/avr6\libgcc.a(_exit.o)
                0x00002798                exit
                0x00002798                _exit
 *(.fini9)
 *(.fini8)
 *(.fini8)
 *(.fini7)
 *(.fini7)
 *(.fini6)
 *(.fini6)
 *(.fini5)
 *(.fini5)
 *(.fini4)
 *(.fini4)
 *(.fini3)
 *(.fini3)
 *(.fini2)
 *(.fini2)
 *(.fini1)
 *(.fini1)
 *(.fini0)
 .fini0         0x00002798        0x4 c:/users/seif alrahman/bin/../lib/gcc/avr/4.3.3/avr6\libgcc.a(_exit.o)
 *(.fini0)
                0x0000279c                _etext = .

.data           0x00800200      0x11e load address 0x0000279c
                0x00800200                PROVIDE (__data_start, .)
 *(.data)
 .data          0x00800200        0x0 c:/users/seif alrahman/bin/../lib/gcc/avr/4.3.3/../../../../avr/lib/avr6/crtm2560.o
 .data          0x00800200        0x0 ./DIO_Prg.o
 .data          0x00800200        0x0 ./LCD.o
 .data          0x00800200        0x0 ./Timer1.o
 .data          0x00800200        0x0 ./UART.o
 .data          0x00800200       0x15 ./ULTRASONIC.o
 .data          0x00800215        0x0 ./main.o
 .data          0x00800215        0x0 c:/users/seif alrahman/bin/../lib/gcc/avr/4.3.3/avr6\libgcc.a(_mulsi3.o)
 .data          0x00800215        0x0 c:/users/seif alrahman/bin/../lib/gcc/avr/4.3.3/avr6\libgcc.a(_udivmodsi4.o)
 .data          0x00800215        0x0 c:/users/seif alrahman/bin/../lib/gcc/avr/4.3.3/avr6\libgcc.a(_exit.o)
 .data          0x00800215        0x0 c:/users/seif alrahman/bin/../lib/gcc/avr/4.3.3/avr6\libgcc.a(_clear_bss.o)
 .data          0x00800215        0x0 c:/users/seif alrahman/bin/../lib/gcc/avr/4.3.3/avr6\libgcc.a(_fixunssfsi.o)
 .data          0x00800215        0x0 c:/users/seif alrahman/bin/../lib/gcc/avr/4.3.3/avr6\libgcc.a(_addsub_sf.o)
 .data          0x00800215        0x0 c:/users/seif alrahman/bin/../lib/gcc/avr/4.3.3/avr6\libgcc.a(_mul_sf.o)
 .data          0x00800215        0x0 c:/users/seif alrahman/bin/../lib/gcc/avr/4.3.3/avr6\libgcc.a(_div_sf.o)
 .data          0x00800215        0x0 c:/users/seif alrahman/bin/../lib/gcc/avr/4.3.3/avr6\libgcc.a(_gt_sf.o)
 .data          0x00800215        0x0 c:/users/seif alrahman/bin/../lib/gcc/avr/4.3.3/avr6\libgcc.a(_ge_sf.o)
 .data          0x00800215        0x0 c:/users/seif alrahman/bin/../lib/gcc/avr/4.3.3/avr6\libgcc.a(_lt_sf.o)
 .data          0x00800215        0x0 c:/users/seif alrahman/bin/../lib/gcc/avr/4.3.3/avr6\libgcc.a(_sf_to_si.o)
 .data          0x00800215        0x8 c:/users/seif alrahman/bin/../lib/gcc/avr/4.3.3/avr6\libgcc.a(_thenan_sf.o)
                0x00800215                __thenan_sf
 .data          0x0080021d        0x0 c:/users/seif alrahman/bin/../lib/gcc/avr/4.3.3/avr6\libgcc.a(_usi_to_sf.o)
 .data          0x0080021d        0x0 c:/users/seif alrahman/bin/../lib/gcc/avr/4.3.3/avr6\libgcc.a(_prologue.o)
 .data          0x0080021d        0x0 c:/users/seif alrahman/bin/../lib/gcc/avr/4.3.3/avr6\libgcc.a(_epilogue.o)
 .data          0x0080021d        0x0 c:/users/seif alrahman/bin/../lib/gcc/avr/4.3.3/avr6\libgcc.a(_clzsi2.o)
 .data          0x0080021d        0x0 c:/users/seif alrahman/bin/../lib/gcc/avr/4.3.3/avr6\libgcc.a(_pack_sf.o)
 .data          0x0080021d        0x0 c:/users/seif alrahman/bin/../lib/gcc/avr/4.3.3/avr6\libgcc.a(_unpack_sf.o)
 .data          0x0080021d        0x0 c:/users/seif alrahman/bin/../lib/gcc/avr/4.3.3/avr6\libgcc.a(_fpcmp_parts_sf.o)
 .data          0x0080021d      0x100 c:/users/seif alrahman/bin/../lib/gcc/avr/4.3.3/avr6\libgcc.a(_clz.o)
                0x0080021d                __clz_tab
 *(.data*)
 *(.rodata)
 *(.rodata*)
 *(.gnu.linkonce.d*)
                0x0080031e                . = ALIGN (0x2)
 *fill*         0x0080031d        0x1 00
                0x0080031e                _edata = .
                0x0080031e                PROVIDE (__data_end, .)

.bss            0x0080031e        0x7
                0x0080031e                PROVIDE (__bss_start, .)
 *(.bss)
 .bss           0x0080031e        0x0 c:/users/seif alrahman/bin/../lib/gcc/avr/4.3.3/../../../../avr/lib/avr6/crtm2560.o
 .bss           0x0080031e        0x0 ./DIO_Prg.o
 .bss           0x0080031e        0x0 ./LCD.o
 .bss           0x0080031e        0x0 ./Timer1.o
 .bss           0x0080031e        0x0 ./UART.o
 .bss           0x0080031e        0x0 ./ULTRASONIC.o
 .bss           0x0080031e        0x0 ./main.o
 .bss           0x0080031e        0x0 c:/users/seif alrahman/bin/../lib/gcc/avr/4.3.3/avr6\libgcc.a(_mulsi3.o)
 .bss           0x0080031e        0x0 c:/users/seif alrahman/bin/../lib/gcc/avr/4.3.3/avr6\libgcc.a(_udivmodsi4.o)
 .bss           0x0080031e        0x0 c:/users/seif alrahman/bin/../lib/gcc/avr/4.3.3/avr6\libgcc.a(_exit.o)
 .bss           0x0080031e        0x0 c:/users/seif alrahman/bin/../lib/gcc/avr/4.3.3/avr6\libgcc.a(_clear_bss.o)
 .bss           0x0080031e        0x0 c:/users/seif alrahman/bin/../lib/gcc/avr/4.3.3/avr6\libgcc.a(_fixunssfsi.o)
 .bss           0x0080031e        0x0 c:/users/seif alrahman/bin/../lib/gcc/avr/4.3.3/avr6\libgcc.a(_addsub_sf.o)
 .bss           0x0080031e        0x0 c:/users/seif alrahman/bin/../lib/gcc/avr/4.3.3/avr6\libgcc.a(_mul_sf.o)
 .bss           0x0080031e        0x0 c:/users/seif alrahman/bin/../lib/gcc/avr/4.3.3/avr6\libgcc.a(_div_sf.o)
 .bss           0x0080031e        0x0 c:/users/seif alrahman/bin/../lib/gcc/avr/4.3.3/avr6\libgcc.a(_gt_sf.o)
 .bss           0x0080031e        0x0 c:/users/seif alrahman/bin/../lib/gcc/avr/4.3.3/avr6\libgcc.a(_ge_sf.o)
 .bss           0x0080031e        0x0 c:/users/seif alrahman/bin/../lib/gcc/avr/4.3.3/avr6\libgcc.a(_lt_sf.o)
 .bss           0x0080031e        0x0 c:/users/seif alrahman/bin/../lib/gcc/avr/4.3.3/avr6\libgcc.a(_sf_to_si.o)
 .bss           0x0080031e        0x0 c:/users/seif alrahman/bin/../lib/gcc/avr/4.3.3/avr6\libgcc.a(_thenan_sf.o)
 .bss           0x0080031e        0x0 c:/users/seif alrahman/bin/../lib/gcc/avr/4.3.3/avr6\libgcc.a(_usi_to_sf.o)
 .bss           0x0080031e        0x0 c:/users/seif alrahman/bin/../lib/gcc/avr/4.3.3/avr6\libgcc.a(_prologue.o)
 .bss           0x0080031e        0x0 c:/users/seif alrahman/bin/../lib/gcc/avr/4.3.3/avr6\libgcc.a(_epilogue.o)
 .bss           0x0080031e        0x0 c:/users/seif alrahman/bin/../lib/gcc/avr/4.3.3/avr6\libgcc.a(_clzsi2.o)
 .bss           0x0080031e        0x0 c:/users/seif alrahman/bin/../lib/gcc/avr/4.3.3/avr6\libgcc.a(_pack_sf.o)
 .bss           0x0080031e        0x0 c:/users/seif alrahman/bin/../lib/gcc/avr/4.3.3/avr6\libgcc.a(_unpack_sf.o)
 .bss           0x0080031e        0x0 c:/users/seif alrahman/bin/../lib/gcc/avr/4.3.3/avr6\libgcc.a(_fpcmp_parts_sf.o)
 .bss           0x0080031e        0x0 c:/users/seif alrahman/bin/../lib/gcc/avr/4.3.3/avr6\libgcc.a(_clz.o)
 *(.bss*)
 .bss.pulse     0x0080031e        0x2 ./ULTRASONIC.o
                0x0080031e                pulse
 .bss.i         0x00800320        0x1 ./ULTRASONIC.o
                0x00800320                i
 .bss.distance  0x00800321        0x4 ./ULTRASONIC.o
                0x00800321                distance
 *(COMMON)
                0x00800325                PROVIDE (__bss_end, .)
                0x0000279c                __data_load_start = LOADADDR (.data)
                0x000028ba                __data_load_end = (__data_load_start + SIZEOF (.data))

.noinit         0x00800325        0x0
                0x00800325                PROVIDE (__noinit_start, .)
 *(.noinit*)
                0x00800325                PROVIDE (__noinit_end, .)
                0x00800325                _end = .
                0x00800325                PROVIDE (__heap_start, .)

.eeprom         0x00810000        0x0
 *(.eeprom*)
                0x00810000                __eeprom_end = .

.fuse
 *(.fuse)
 *(.lfuse)
 *(.hfuse)
 *(.efuse)

.lock
 *(.lock*)

.signature
 *(.signature*)

.stab           0x00000000     0x1c44
 *(.stab)
 .stab          0x00000000      0x6fc ./DIO_Prg.o
 .stab          0x000006fc      0xa68 ./LCD.o
                                0xc84 (size before relaxing)
 .stab          0x00001164      0x168 ./Timer1.o
                                0x324 (size before relaxing)
 .stab          0x000012cc      0x1ec ./UART.o
                                0x3a8 (size before relaxing)
 .stab          0x000014b8      0x45c ./ULTRASONIC.o
                                0x6a8 (size before relaxing)
 .stab          0x00001914      0x330 ./main.o
                                0x57c (size before relaxing)

.stabstr        0x00000000      0xc35
 *(.stabstr)
 .stabstr       0x00000000      0xc35 ./DIO_Prg.o

.stab.excl
 *(.stab.excl)

.stab.exclstr
 *(.stab.exclstr)

.stab.index
 *(.stab.index)

.stab.indexstr
 *(.stab.indexstr)

.comment
 *(.comment)

.debug
 *(.debug)

.line
 *(.line)

.debug_srcinfo
 *(.debug_srcinfo)

.debug_sfnames
 *(.debug_sfnames)

.debug_aranges  0x00000000      0x1a0
 *(.debug_aranges)
 .debug_aranges
                0x00000000       0x20 c:/users/seif alrahman/bin/../lib/gcc/avr/4.3.3/avr6\libgcc.a(_fixunssfsi.o)
 .debug_aranges
                0x00000020       0x20 c:/users/seif alrahman/bin/../lib/gcc/avr/4.3.3/avr6\libgcc.a(_addsub_sf.o)
 .debug_aranges
                0x00000040       0x20 c:/users/seif alrahman/bin/../lib/gcc/avr/4.3.3/avr6\libgcc.a(_mul_sf.o)
 .debug_aranges
                0x00000060       0x20 c:/users/seif alrahman/bin/../lib/gcc/avr/4.3.3/avr6\libgcc.a(_div_sf.o)
 .debug_aranges
                0x00000080       0x20 c:/users/seif alrahman/bin/../lib/gcc/avr/4.3.3/avr6\libgcc.a(_gt_sf.o)
 .debug_aranges
                0x000000a0       0x20 c:/users/seif alrahman/bin/../lib/gcc/avr/4.3.3/avr6\libgcc.a(_ge_sf.o)
 .debug_aranges
                0x000000c0       0x20 c:/users/seif alrahman/bin/../lib/gcc/avr/4.3.3/avr6\libgcc.a(_lt_sf.o)
 .debug_aranges
                0x000000e0       0x20 c:/users/seif alrahman/bin/../lib/gcc/avr/4.3.3/avr6\libgcc.a(_sf_to_si.o)
 .debug_aranges
                0x00000100       0x20 c:/users/seif alrahman/bin/../lib/gcc/avr/4.3.3/avr6\libgcc.a(_usi_to_sf.o)
 .debug_aranges
                0x00000120       0x20 c:/users/seif alrahman/bin/../lib/gcc/avr/4.3.3/avr6\libgcc.a(_clzsi2.o)
 .debug_aranges
                0x00000140       0x20 c:/users/seif alrahman/bin/../lib/gcc/avr/4.3.3/avr6\libgcc.a(_pack_sf.o)
 .debug_aranges
                0x00000160       0x20 c:/users/seif alrahman/bin/../lib/gcc/avr/4.3.3/avr6\libgcc.a(_unpack_sf.o)
 .debug_aranges
                0x00000180       0x20 c:/users/seif alrahman/bin/../lib/gcc/avr/4.3.3/avr6\libgcc.a(_fpcmp_parts_sf.o)

.debug_pubnames
                0x00000000      0x1f2
 *(.debug_pubnames)
 .debug_pubnames
                0x00000000       0x23 c:/users/seif alrahman/bin/../lib/gcc/avr/4.3.3/avr6\libgcc.a(_fixunssfsi.o)
 .debug_pubnames
                0x00000023       0x2c c:/users/seif alrahman/bin/../lib/gcc/avr/4.3.3/avr6\libgcc.a(_addsub_sf.o)
 .debug_pubnames
                0x0000004f       0x1f c:/users/seif alrahman/bin/../lib/gcc/avr/4.3.3/avr6\libgcc.a(_mul_sf.o)
 .debug_pubnames
                0x0000006e       0x1f c:/users/seif alrahman/bin/../lib/gcc/avr/4.3.3/avr6\libgcc.a(_div_sf.o)
 .debug_pubnames
                0x0000008d       0x1e c:/users/seif alrahman/bin/../lib/gcc/avr/4.3.3/avr6\libgcc.a(_gt_sf.o)
 .debug_pubnames
                0x000000ab       0x1e c:/users/seif alrahman/bin/../lib/gcc/avr/4.3.3/avr6\libgcc.a(_ge_sf.o)
 .debug_pubnames
                0x000000c9       0x1e c:/users/seif alrahman/bin/../lib/gcc/avr/4.3.3/avr6\libgcc.a(_lt_sf.o)
 .debug_pubnames
                0x000000e7       0x20 c:/users/seif alrahman/bin/../lib/gcc/avr/4.3.3/avr6\libgcc.a(_sf_to_si.o)
 .debug_pubnames
                0x00000107       0x22 c:/users/seif alrahman/bin/../lib/gcc/avr/4.3.3/avr6\libgcc.a(_thenan_sf.o)
 .debug_pubnames
                0x00000129       0x24 c:/users/seif alrahman/bin/../lib/gcc/avr/4.3.3/avr6\libgcc.a(_usi_to_sf.o)
 .debug_pubnames
                0x0000014d       0x1f c:/users/seif alrahman/bin/../lib/gcc/avr/4.3.3/avr6\libgcc.a(_clzsi2.o)
 .debug_pubnames
                0x0000016c       0x1f c:/users/seif alrahman/bin/../lib/gcc/avr/4.3.3/avr6\libgcc.a(_pack_sf.o)
 .debug_pubnames
                0x0000018b       0x21 c:/users/seif alrahman/bin/../lib/gcc/avr/4.3.3/avr6\libgcc.a(_unpack_sf.o)
 .debug_pubnames
                0x000001ac       0x26 c:/users/seif alrahman/bin/../lib/gcc/avr/4.3.3/avr6\libgcc.a(_fpcmp_parts_sf.o)
 .debug_pubnames
                0x000001d2       0x20 c:/users/seif alrahman/bin/../lib/gcc/avr/4.3.3/avr6\libgcc.a(_clz.o)

.debug_info     0x00000000     0x240b
 *(.debug_info)
 .debug_info    0x00000000       0xb1 c:/users/seif alrahman/bin/../lib/gcc/avr/4.3.3/avr6\libgcc.a(_fixunssfsi.o)
 .debug_info    0x000000b1      0x47a c:/users/seif alrahman/bin/../lib/gcc/avr/4.3.3/avr6\libgcc.a(_addsub_sf.o)
 .debug_info    0x0000052b      0x485 c:/users/seif alrahman/bin/../lib/gcc/avr/4.3.3/avr6\libgcc.a(_mul_sf.o)
 .debug_info    0x000009b0      0x3fc c:/users/seif alrahman/bin/../lib/gcc/avr/4.3.3/avr6\libgcc.a(_div_sf.o)
 .debug_info    0x00000dac      0x27f c:/users/seif alrahman/bin/../lib/gcc/avr/4.3.3/avr6\libgcc.a(_gt_sf.o)
 .debug_info    0x0000102b      0x27f c:/users/seif alrahman/bin/../lib/gcc/avr/4.3.3/avr6\libgcc.a(_ge_sf.o)
 .debug_info    0x000012aa      0x27f c:/users/seif alrahman/bin/../lib/gcc/avr/4.3.3/avr6\libgcc.a(_lt_sf.o)
 .debug_info    0x00001529      0x2b0 c:/users/seif alrahman/bin/../lib/gcc/avr/4.3.3/avr6\libgcc.a(_sf_to_si.o)
 .debug_info    0x000017d9      0x12c c:/users/seif alrahman/bin/../lib/gcc/avr/4.3.3/avr6\libgcc.a(_thenan_sf.o)
 .debug_info    0x00001905      0x206 c:/users/seif alrahman/bin/../lib/gcc/avr/4.3.3/avr6\libgcc.a(_usi_to_sf.o)
 .debug_info    0x00001b0b      0x117 c:/users/seif alrahman/bin/../lib/gcc/avr/4.3.3/avr6\libgcc.a(_clzsi2.o)
 .debug_info    0x00001c22      0x2df c:/users/seif alrahman/bin/../lib/gcc/avr/4.3.3/avr6\libgcc.a(_pack_sf.o)
 .debug_info    0x00001f01      0x251 c:/users/seif alrahman/bin/../lib/gcc/avr/4.3.3/avr6\libgcc.a(_unpack_sf.o)
 .debug_info    0x00002152      0x210 c:/users/seif alrahman/bin/../lib/gcc/avr/4.3.3/avr6\libgcc.a(_fpcmp_parts_sf.o)
 .debug_info    0x00002362       0xa9 c:/users/seif alrahman/bin/../lib/gcc/avr/4.3.3/avr6\libgcc.a(_clz.o)
 *(.gnu.linkonce.wi.*)

.debug_abbrev   0x00000000     0x1386
 *(.debug_abbrev)
 .debug_abbrev  0x00000000       0x5d c:/users/seif alrahman/bin/../lib/gcc/avr/4.3.3/avr6\libgcc.a(_fixunssfsi.o)
 .debug_abbrev  0x0000005d      0x1ea c:/users/seif alrahman/bin/../lib/gcc/avr/4.3.3/avr6\libgcc.a(_addsub_sf.o)
 .debug_abbrev  0x00000247      0x21b c:/users/seif alrahman/bin/../lib/gcc/avr/4.3.3/avr6\libgcc.a(_mul_sf.o)
 .debug_abbrev  0x00000462      0x216 c:/users/seif alrahman/bin/../lib/gcc/avr/4.3.3/avr6\libgcc.a(_div_sf.o)
 .debug_abbrev  0x00000678      0x15a c:/users/seif alrahman/bin/../lib/gcc/avr/4.3.3/avr6\libgcc.a(_gt_sf.o)
 .debug_abbrev  0x000007d2      0x15a c:/users/seif alrahman/bin/../lib/gcc/avr/4.3.3/avr6\libgcc.a(_ge_sf.o)
 .debug_abbrev  0x0000092c      0x15a c:/users/seif alrahman/bin/../lib/gcc/avr/4.3.3/avr6\libgcc.a(_lt_sf.o)
 .debug_abbrev  0x00000a86      0x17f c:/users/seif alrahman/bin/../lib/gcc/avr/4.3.3/avr6\libgcc.a(_sf_to_si.o)
 .debug_abbrev  0x00000c05       0xad c:/users/seif alrahman/bin/../lib/gcc/avr/4.3.3/avr6\libgcc.a(_thenan_sf.o)
 .debug_abbrev  0x00000cb2      0x157 c:/users/seif alrahman/bin/../lib/gcc/avr/4.3.3/avr6\libgcc.a(_usi_to_sf.o)
 .debug_abbrev  0x00000e09       0xc4 c:/users/seif alrahman/bin/../lib/gcc/avr/4.3.3/avr6\libgcc.a(_clzsi2.o)
 .debug_abbrev  0x00000ecd      0x1c0 c:/users/seif alrahman/bin/../lib/gcc/avr/4.3.3/avr6\libgcc.a(_pack_sf.o)
 .debug_abbrev  0x0000108d      0x154 c:/users/seif alrahman/bin/../lib/gcc/avr/4.3.3/avr6\libgcc.a(_unpack_sf.o)
 .debug_abbrev  0x000011e1      0x13b c:/users/seif alrahman/bin/../lib/gcc/avr/4.3.3/avr6\libgcc.a(_fpcmp_parts_sf.o)
 .debug_abbrev  0x0000131c       0x6a c:/users/seif alrahman/bin/../lib/gcc/avr/4.3.3/avr6\libgcc.a(_clz.o)

.debug_line     0x00000000     0x11d6
 *(.debug_line)
 .debug_line    0x00000000       0xa7 c:/users/seif alrahman/bin/../lib/gcc/avr/4.3.3/avr6\libgcc.a(_fixunssfsi.o)
 .debug_line    0x000000a7      0x2af c:/users/seif alrahman/bin/../lib/gcc/avr/4.3.3/avr6\libgcc.a(_addsub_sf.o)
 .debug_line    0x00000356      0x239 c:/users/seif alrahman/bin/../lib/gcc/avr/4.3.3/avr6\libgcc.a(_mul_sf.o)
 .debug_line    0x0000058f      0x1d5 c:/users/seif alrahman/bin/../lib/gcc/avr/4.3.3/avr6\libgcc.a(_div_sf.o)
 .debug_line    0x00000764       0xd3 c:/users/seif alrahman/bin/../lib/gcc/avr/4.3.3/avr6\libgcc.a(_gt_sf.o)
 .debug_line    0x00000837       0xd3 c:/users/seif alrahman/bin/../lib/gcc/avr/4.3.3/avr6\libgcc.a(_ge_sf.o)
 .debug_line    0x0000090a       0xd3 c:/users/seif alrahman/bin/../lib/gcc/avr/4.3.3/avr6\libgcc.a(_lt_sf.o)
 .debug_line    0x000009dd      0x109 c:/users/seif alrahman/bin/../lib/gcc/avr/4.3.3/avr6\libgcc.a(_sf_to_si.o)
 .debug_line    0x00000ae6       0x90 c:/users/seif alrahman/bin/../lib/gcc/avr/4.3.3/avr6\libgcc.a(_thenan_sf.o)
 .debug_line    0x00000b76      0x133 c:/users/seif alrahman/bin/../lib/gcc/avr/4.3.3/avr6\libgcc.a(_usi_to_sf.o)
 .debug_line    0x00000ca9       0xa5 c:/users/seif alrahman/bin/../lib/gcc/avr/4.3.3/avr6\libgcc.a(_clzsi2.o)
 .debug_line    0x00000d4e      0x18a c:/users/seif alrahman/bin/../lib/gcc/avr/4.3.3/avr6\libgcc.a(_pack_sf.o)
 .debug_line    0x00000ed8      0x14b c:/users/seif alrahman/bin/../lib/gcc/avr/4.3.3/avr6\libgcc.a(_unpack_sf.o)
 .debug_line    0x00001023      0x137 c:/users/seif alrahman/bin/../lib/gcc/avr/4.3.3/avr6\libgcc.a(_fpcmp_parts_sf.o)
 .debug_line    0x0000115a       0x7c c:/users/seif alrahman/bin/../lib/gcc/avr/4.3.3/avr6\libgcc.a(_clz.o)

.debug_frame    0x00000000      0x1c0
 *(.debug_frame)
 .debug_frame   0x00000000       0x20 c:/users/seif alrahman/bin/../lib/gcc/avr/4.3.3/avr6\libgcc.a(_fixunssfsi.o)
 .debug_frame   0x00000020       0x40 c:/users/seif alrahman/bin/../lib/gcc/avr/4.3.3/avr6\libgcc.a(_addsub_sf.o)
 .debug_frame   0x00000060       0x20 c:/users/seif alrahman/bin/../lib/gcc/avr/4.3.3/avr6\libgcc.a(_mul_sf.o)
 .debug_frame   0x00000080       0x20 c:/users/seif alrahman/bin/../lib/gcc/avr/4.3.3/avr6\libgcc.a(_div_sf.o)
 .debug_frame   0x000000a0       0x20 c:/users/seif alrahman/bin/../lib/gcc/avr/4.3.3/avr6\libgcc.a(_gt_sf.o)
 .debug_frame   0x000000c0       0x20 c:/users/seif alrahman/bin/../lib/gcc/avr/4.3.3/avr6\libgcc.a(_ge_sf.o)
 .debug_frame   0x000000e0       0x20 c:/users/seif alrahman/bin/../lib/gcc/avr/4.3.3/avr6\libgcc.a(_lt_sf.o)
 .debug_frame   0x00000100       0x20 c:/users/seif alrahman/bin/../lib/gcc/avr/4.3.3/avr6\libgcc.a(_sf_to_si.o)
 .debug_frame   0x00000120       0x20 c:/users/seif alrahman/bin/../lib/gcc/avr/4.3.3/avr6\libgcc.a(_usi_to_sf.o)
 .debug_frame   0x00000140       0x20 c:/users/seif alrahman/bin/../lib/gcc/avr/4.3.3/avr6\libgcc.a(_clzsi2.o)
 .debug_frame   0x00000160       0x20 c:/users/seif alrahman/bin/../lib/gcc/avr/4.3.3/avr6\libgcc.a(_pack_sf.o)
 .debug_frame   0x00000180       0x20 c:/users/seif alrahman/bin/../lib/gcc/avr/4.3.3/avr6\libgcc.a(_unpack_sf.o)
 .debug_frame   0x000001a0       0x20 c:/users/seif alrahman/bin/../lib/gcc/avr/4.3.3/avr6\libgcc.a(_fpcmp_parts_sf.o)

.debug_str      0x00000000      0x2f6
 *(.debug_str)
 .debug_str     0x00000000       0xbf c:/users/seif alrahman/bin/../lib/gcc/avr/4.3.3/avr6\libgcc.a(_fixunssfsi.o)
                                 0xfe (size before relaxing)
 .debug_str     0x000000bf      0x14d c:/users/seif alrahman/bin/../lib/gcc/avr/4.3.3/avr6\libgcc.a(_addsub_sf.o)
                                0x206 (size before relaxing)
 .debug_str     0x0000020c       0x27 c:/users/seif alrahman/bin/../lib/gcc/avr/4.3.3/avr6\libgcc.a(_mul_sf.o)
                                0x1bf (size before relaxing)
 .debug_str     0x00000233       0x35 c:/users/seif alrahman/bin/../lib/gcc/avr/4.3.3/avr6\libgcc.a(_div_sf.o)
                                0x1c8 (size before relaxing)
 .debug_str     0x00000268        0x8 c:/users/seif alrahman/bin/../lib/gcc/avr/4.3.3/avr6\libgcc.a(_gt_sf.o)
                                0x195 (size before relaxing)
 .debug_str     0x00000270        0x8 c:/users/seif alrahman/bin/../lib/gcc/avr/4.3.3/avr6\libgcc.a(_ge_sf.o)
                                0x195 (size before relaxing)
 .debug_str     0x00000278        0x8 c:/users/seif alrahman/bin/../lib/gcc/avr/4.3.3/avr6\libgcc.a(_lt_sf.o)
                                0x195 (size before relaxing)
 .debug_str     0x00000280        0xa c:/users/seif alrahman/bin/../lib/gcc/avr/4.3.3/avr6\libgcc.a(_sf_to_si.o)
                                0x19e (size before relaxing)
 .debug_str     0x00000000      0x103 c:/users/seif alrahman/bin/../lib/gcc/avr/4.3.3/avr6\libgcc.a(_thenan_sf.o)
 .debug_str     0x0000028a       0x21 c:/users/seif alrahman/bin/../lib/gcc/avr/4.3.3/avr6\libgcc.a(_usi_to_sf.o)
                                0x177 (size before relaxing)
 .debug_str     0x000002ab       0x20 c:/users/seif alrahman/bin/../lib/gcc/avr/4.3.3/avr6\libgcc.a(_clzsi2.o)
                                0x111 (size before relaxing)
 .debug_str     0x000002cb       0x10 c:/users/seif alrahman/bin/../lib/gcc/avr/4.3.3/avr6\libgcc.a(_pack_sf.o)
                                0x19d (size before relaxing)
 .debug_str     0x000002db        0xb c:/users/seif alrahman/bin/../lib/gcc/avr/4.3.3/avr6\libgcc.a(_unpack_sf.o)
                                0x17f (size before relaxing)
 .debug_str     0x000002e6       0x10 c:/users/seif alrahman/bin/../lib/gcc/avr/4.3.3/avr6\libgcc.a(_fpcmp_parts_sf.o)
                                0x163 (size before relaxing)
 .debug_str     0x00000000       0xf4 c:/users/seif alrahman/bin/../lib/gcc/avr/4.3.3/avr6\libgcc.a(_clz.o)

.debug_loc      0x00000000      0x96e
 *(.debug_loc)
 .debug_loc     0x00000000       0x34 c:/users/seif alrahman/bin/../lib/gcc/avr/4.3.3/avr6\libgcc.a(_fixunssfsi.o)
 .debug_loc     0x00000034      0x32a c:/users/seif alrahman/bin/../lib/gcc/avr/4.3.3/avr6\libgcc.a(_addsub_sf.o)
 .debug_loc     0x0000035e      0x104 c:/users/seif alrahman/bin/../lib/gcc/avr/4.3.3/avr6\libgcc.a(_mul_sf.o)
 .debug_loc     0x00000462       0xc0 c:/users/seif alrahman/bin/../lib/gcc/avr/4.3.3/avr6\libgcc.a(_div_sf.o)
 .debug_loc     0x00000522       0x3c c:/users/seif alrahman/bin/../lib/gcc/avr/4.3.3/avr6\libgcc.a(_gt_sf.o)
 .debug_loc     0x0000055e       0x3c c:/users/seif alrahman/bin/../lib/gcc/avr/4.3.3/avr6\libgcc.a(_ge_sf.o)
 .debug_loc     0x0000059a       0x3c c:/users/seif alrahman/bin/../lib/gcc/avr/4.3.3/avr6\libgcc.a(_lt_sf.o)
 .debug_loc     0x000005d6       0x7e c:/users/seif alrahman/bin/../lib/gcc/avr/4.3.3/avr6\libgcc.a(_sf_to_si.o)
 .debug_loc     0x00000654       0x4c c:/users/seif alrahman/bin/../lib/gcc/avr/4.3.3/avr6\libgcc.a(_usi_to_sf.o)
 .debug_loc     0x000006a0       0x94 c:/users/seif alrahman/bin/../lib/gcc/avr/4.3.3/avr6\libgcc.a(_clzsi2.o)
 .debug_loc     0x00000734      0x13e c:/users/seif alrahman/bin/../lib/gcc/avr/4.3.3/avr6\libgcc.a(_pack_sf.o)
 .debug_loc     0x00000872       0xac c:/users/seif alrahman/bin/../lib/gcc/avr/4.3.3/avr6\libgcc.a(_unpack_sf.o)
 .debug_loc     0x0000091e       0x50 c:/users/seif alrahman/bin/../lib/gcc/avr/4.3.3/avr6\libgcc.a(_fpcmp_parts_sf.o)

.debug_macinfo
 *(.debug_macinfo)
OUTPUT(Atmega2560_CrashWarningSystem_MCU1.elf elf32-avr)
LOAD linker stubs

.debug_ranges   0x00000000       0x50
 .debug_ranges  0x00000000       0x50 c:/users/seif alrahman/bin/../lib/gcc/avr/4.3.3/avr6\libgcc.a(_mul_sf.o)
